// Jest Snapshot v1, https://goo.gl/fbAQLP

exports[`BookCardSearchList matches the snapshot 1`] = `
<View
  style={
    {
      "borderBottomWidth": 1,
      "borderColor": "white",
      "padding": 10,
    }
  }
>
  <View
    accessibilityHint="View more details about "Little Secrets""
    accessibilityLabel="View more details about "Little Secrets""
    accessibilityState={
      {
        "busy": undefined,
        "checked": undefined,
        "disabled": undefined,
        "expanded": undefined,
        "selected": undefined,
      }
    }
    accessibilityValue={
      {
        "max": undefined,
        "min": undefined,
        "now": undefined,
        "text": undefined,
      }
    }
    accessible={true}
    collapsable={false}
    focusable={true}
    onClick={[Function]}
    onResponderGrant={[Function]}
    onResponderMove={[Function]}
    onResponderRelease={[Function]}
    onResponderTerminate={[Function]}
    onResponderTerminationRequest={[Function]}
    onStartShouldSetResponder={[Function]}
    style={
      {
        "alignItems": "center",
        "flexDirection": "row",
        "opacity": 1,
      }
    }
  >
    <Image
      accessibilityLabel="Book cover"
      accessibilityRole="image"
      source={
        {
          "uri": "https://book.com/little-secrets-cover.jpg",
        }
      }
      style={
        {
          "height": 90,
          "width": 60,
        }
      }
    />
    <View
      style={
        {
          "flex": 1,
          "padding": 10,
        }
      }
    >
      <Text
        style={
          [
            undefined,
            undefined,
            undefined,
            {
              "fontSize": 20,
              "fontWeight": "bold",
            },
            undefined,
            undefined,
            undefined,
            undefined,
            undefined,
            undefined,
          ]
        }
      >
        Little Secrets
      </Text>
      <Text
        style={
          [
            undefined,
            undefined,
            {
              "fontSize": 16,
              "fontWeight": "600",
              "lineHeight": 24,
            },
            undefined,
            undefined,
            undefined,
            undefined,
            undefined,
            undefined,
            undefined,
          ]
        }
      >
        Jennifer Hillier
      </Text>
      <Text>
        Release date: May 7, 2020
      </Text>
    </View>
    <View
      style={
        {
          "width": 40,
        }
      }
    >
      <View
        accessibilityHint="Add this book to your favorites"
        accessibilityLabel="Add this book to your favorites"
        accessibilityState={
          {
            "busy": undefined,
            "checked": undefined,
            "disabled": undefined,
            "expanded": undefined,
            "selected": undefined,
          }
        }
        accessibilityValue={
          {
            "max": undefined,
            "min": undefined,
            "now": undefined,
            "text": undefined,
          }
        }
        accessible={true}
        collapsable={false}
        focusable={true}
        onClick={[Function]}
        onResponderGrant={[Function]}
        onResponderMove={[Function]}
        onResponderRelease={[Function]}
        onResponderTerminate={[Function]}
        onResponderTerminationRequest={[Function]}
        onStartShouldSetResponder={[Function]}
        style={
          {
            "opacity": 1,
          }
        }
      >
        <Text>
          heart-outline
        </Text>
      </View>
    </View>
  </View>
</View>
`;
