// Jest Snapshot v1, https://goo.gl/fbAQLP

exports[`EmptySearchResult matches the snapshot 1`] = `
<View
  style={
    {
      "alignItems": "center",
      "marginVertical": 50,
    }
  }
>
  <Image
    accessibilityLabel="No books found"
    accessibilityRole="image"
    resizeMode="contain"
    source={
      {
        "testUri": "../../../assets/images/no-result.png",
      }
    }
    style={
      {
        "height": 200,
      }
    }
  />
  <Text
    style={
      [
        {
          "fontSize": 16,
          "lineHeight": 24,
        },
        undefined,
        undefined,
        undefined,
        undefined,
        undefined,
        [
          {
            "textAlign": "center",
          },
        ],
        undefined,
        undefined,
        undefined,
      ]
    }
  >
    No results found
  </Text>
  <Text
    style={
      [
        undefined,
        undefined,
        undefined,
        undefined,
        undefined,
        {
          "color": "gray",
          "fontSize": 14,
        },
        [
          {
            "textAlign": "center",
          },
        ],
        undefined,
        undefined,
        {
          "fontStyle": "italic",
          "width": "70%",
        },
      ]
    }
  >
    Have you tried searching by the book title and author?
  </Text>
</View>
`;
